<!doctype html>
<html>
  <head>
    <meta charset="utf-8">
    <meta http-equiv="X-UA-Compatible" content="IE=edge,chrome=1">
    <title>Modify attr</title>
  </head>
  <body>

    <img alt="some image" src="/images/cat.png">

    <img src="/images/cat.png" alt="some image">

    <a href="https://somedomain.com/link" />

  </body>
</html>
